[  0.000] Intiliing roupsubsyspuse
   0.00000 Itializing cgroup subsys cpu
[    0.000000] Initializing cgroup subsys cpuacct
[    0.000000] inx erion 4.-18-gnec (buiddlc01-05) (gcc version 5.31 20605 Ubtu.3.13untu4)  #-Uunu P Wed pr 1:01: U 201(Untu 4.0-8.34enri 4.6
[    000000] Command line: BOOT_IMAGE=/boot/vmlinuz-4.4.0-18-generic root=LABEL=cloudimg-rootfs ro console=tty1 console=ttyS0 net.ifnames=0
[    0.000000] KERNEL supported cpus:
[    0.000000]   Intel GenuineIntel
[    0.000000]   AMD AuthenticAMD
[    0.000000]   Centaur CentaurHauls
[   0.000] x86/fpu: xstate_offset[2]:  576, xstate_sizes[2]:  256
[    0.000000] x86/fpu: Supporting XSAVE feature 0x01: 'x87loating point registers'
[    0.000000] x86/fpu: Supporting XSAVE feature 0x02: 'SSE regiters'[   0.000]x8fp Suporng XAVE feature 0x04: 'AVX registers'
[    0.000000] x86/fpu: Enabled xstate features 0x7 cntext size is 832 bytes, using 'standard' format.
[    0.000000] x86/fpu: Using 'lazy' FPU context switches.
[    0.000000] e820: BIOS-provided physical RAM map:
[    0.000000] BIOS-e820: [mem 0x0000000000000000-0x000000000009fbff] usable
[    0.000000] BIOS-e820: [mem 0x000000000009fc00-0x000000000009ffff] reserved
[    0.000000] BIOS-e820:[mm x0000000f000-000000000fffff]esrved[   0.00] BIS-20 [me0x00000001000-0x00007feff]usable
[    0.000000] BIOS-e820: [mem 0x000000007fff0000-0x000000007fffffff]ACI da
   0.000 BIO-e0:[memx00000ff000-0x0000ffffffff] reserved
[    0.000000] NX (Execute Disable) protection: active
[    0.000000] SMBIOS 2.5 present.
[    0.000000] Hypervisor detected: KVM
[    0.000000] e820: last_pfn = 0x7fff0 max_arch_pfn = 0x400000000
[    0.0000] x86/PAT: Configuration [0-7]: WB  WC  UC- UC  WB  WC  UC- WT  
[    0.000000] MTRR: Disabled
[    0.000000] CPUMTRs al ban - virtualized system.
[    0.000000] found SMP MP-table at [mem 0x0009fff0-0x0009ffff] mapped at [ffff88000009fff0]
[    0.000000] Scanning 1 areas for low moy corruption
[    .0000]RADI: [mm 37b600-0782fff
   000000]ACI: Early table checksum verification disabled
[    0.000000] ACPI: RSDP 0x000000E000 0024(v02BO  
[   00000]CP XSD 00000007FF00 00C 01 VOX VOXXS 00000AS  00001)
[   0.0000] API FCP0x000007FFF00F0 004 v04 OX VBOFA 00000 A  00001)
[  000000]CP: DSD 0000000FF70 0CE(v01 VOX  OXBIOS 0000 INT 20028)   0.000000] CP: CS 00000007FFF2000040[  0.0000]ACPI: FACSx000000007FFF0200 000040
[    0.000000] ACPI: APIC 0x000000007FFF0240 00005C (v02 VBOX   VBOXAPIC 000001 AS  00001)[    .000] AC: DT 0000007F00 001C (1 VBX VBXCPU 00002 IL 100528
[   0.00000 N NA coigatio fnd
[    .000] Fakig noe at[m 00000000000000000-0x000000007ffeffff
  0.0000NODEAT(0) aloted me0xff000x7feff]
[   00000]kvclck: Usg srs b5d01 an 46400
  0.0000kv-coc cu 0, sr:7fe01primy u clck
[  0.0000 km-clckusng sch ofsetf 026892cycle
   0000000] clocksource: kvm-clock: mask: 0xffffffffffffffff max_cycles: 0x1cd42e4dffb, max_idle_ns: 881590591483 ns
[    0.000000] Zneraes:
[   00000]  D    [m 0x0000000010-000000ffff][   0.0000] DM2   me0x00000010000-000000007ffeff
    .0000] Nmal emy
[   0000] Devie empty[   0.00000 Mvable on sar for acnode
[   000000Eay meory noe raes
[  0.0000  od  0:me 0x0000000010-00000000efff
  0.0000  no  : [m 0000000000100000-0x000000007ffeffff]
[    0.000000] Initmemsetup node 0 [mem 0x0000000000001000-0x000000007ffeffff]
[    0.000000] ACPI: PM-Timer IO Pot:x400
[   0.00000 IOAPIC[0]: apic_id 2, version 17, address 0xfec00000, GSI 0-23
[    0.000000] ACPI: INT_SC_VR (bus 0 bus_irq 0 global_irq 2 dfl dfl)
  0.000]ACPI I_SC_OV (us 0bus_q globalir9 hi lel)[  0.000 Usi AI (MDTfo SMPoniguraioinormation
[    0.00000 sboot Aowng 2CP,  htpg PUs   0.0000] M: egteed noav mmoy: [em0x0000000-0x00000fff]
[    0.000000] PM: Registered nosave memory: [mem 0x0009f000-0x0009ffff]
[    0.000000] PM: Registered nosave mor [mem x0a0000-0x000effff]
[   0.000] M: Risred nsa mmory[m 0x00000-x000fff]
[   0.00] e80:mem 0x0000-0xffbff avaabe or PI vices

[    0.000000] Booting paravitulizekernelon KVM
[   0.00000 cocksource: rfind-jiffies: mask: 0xffffffff maxcycles: 0xffffffff, max_idle_ns: 7645519600211568 ns
[    0.000000] setup_prcpu: NR_CPUS:256 nr_cpumask_bits:256 nr_cpu_ids:2 nr_node_ids:1
[    0.000000] PERCPU: Embedded 33 pages/cpu @ffff88007fc00000 s98008 r8192 d28968 u1048576
[    0.000000] PV qspinlock hash table entries: 256 (rdr: 0, 4096 bytes)
[    0.000000] Built 1 zonelists in Node order, mobility grouping on.  Total pages: 515961
[    0.000000] Policy zone: DMA32
[    0.000000] Kernel command line: OOIMAG=/otvmin-44.0-1-gerc  root=LABEL=cloudimg-rootfs o nsoltty1 console=ttyS0 net.ifnames=0
[    0.000000] PID hash table entries: 4096 (order: 3, 32768 bytes)
    0.000000] Memory: 2037556K/2096696K available (8355K kernel code, 1278K rwdata, 3920K rodata, 1476K init, 1292K bss, 59140K reserved, 0K cma-reserved)
[    0.000000] SLUB: HWalign=64, Order=0-3, MinObjects=0, CPUs=2, Nodes=1
[    0.000000] Hierarchical RCU implementation.
[    0.000000] 	Build-time adjustment of leaf fanout to 64.
[    0.000000] 	RCU restricting CPUs from NR_CPUS=256 to nr_cpu_ids=2.
[    0.000000] RCU: Adjusting geometry for rcu_fanout_leaf=6, nr_cpu_ids=2
[    0.000000] NR_IRQS:16640 nr_irqs:440 16
[    0.000000] Console: colour VGA+ 80x25
[    0.000000] console [tty1] enabled
[    0.000000] console [ttyS0] enabled
[    0.000000] tsc: Detected 2394.456 MHz processor
[   12.627950] Calibrating delay loop (skipped) preset value.. 4788.91 BogoMIPS (lpj=9577824)
[   12.694755] pid_max: default: 32768 minimum: 301
[   12.696558] ACPI: Core revision 0150930
[   12.720401] ACPI: 2 ACPI AML tables successfully acquired and loaded
[   12.778514] Security Framework initialized
[   12.813793] Yama: becoming mindful.
[   12.817632] AppArmor: AppArmor initialized
[   12.848857] Dentry cache hash table entries: 262144 (order: 9, 2097152 bytes)
[   12.858793] Inode-cache hash table entries: 131072 (order: 8, 1048576 bytes)
[   12.906142] Mount-cache hash table entries: 4096 (order: 3, 32768 bytes)
[   12.915759] Mountpoint-cache hash table entries: 4096 (order: 3, 32768 bytes)
[   12.931463] Initializing cgroup subsys io
[   12.937546] Initializing cgroup subsys memory
[   12.975922] Initializing cgroup subsys devices
[   12.980362] Initializing cgroup subsys freezer
[   12.984380] Initializing cgroup subsys net_cls
[   12.989837] Initializing cgroup subsys perf_event
[   12.993185] Initializing cgroup subsys net_prio
[   12.995937] Initializing cgroup subsys hugetlb
[   12.999256] Initializing cgroup subsys pids
[   13.006248] CPU: Physical Processor ID: 0
[   13.008821] CPU: Processor Core ID: 0
[   13.010892] mce: CPU supports 0 MCE banks
[   13.020364] Last level iTLB entries: 4KB 64, 2MB 8, 4MB 8
[   13.031586] Last level dTLB entries: 4KB 64, 2MB 0, 4MB 0, 1GB 4
[   13.043843] Freeing SMP alternatives memory: 28K (ffffffff820b2000 - ffffffff820b9000)
[   13.134251] ftrace: allocating 31877 entries in 125 pages
[   13.250127] smpboot: Max logical packages: 1
[   13.264933] ..TIMER: vector=0x30 apic1=0 pin1=2 apic2=-1 pin2=-1
[   13.390184] APIC calibration not consistent with PM-Timer: 97ms instead of 100ms
[   13.397126] APIC delta adjusted to PM-Timer: 6249952 (6118041)
[   13.414652] smpboot: CPU0: Intel(R) Core(TM) i7-5500U CPU @ 2.40GHz (family: 0x6, model: 0x3d, stepping: 0x4)
[   1.421648] Performance Events: unsupported p6 CPU model 61 no PMU driver, software evets only.
[   13.489737] KVM setup paravirtual spinlock
[   13.493098] x86: Booting SMP configuaton:
[   13.576341] .... node  #0, CPUs:      #11
[   13.579314] kvm-clock: cpu 1, msr 0:7ffe7041, secondary cpu clock
[   13.592967] mce: CPU supports 0 MCE banks
[   13.610155] x86: Booted up 1 node, 2 CPUs
[   13.611867] smpboot: Total of 2 processors activated (9577.82 BogoMIPS)
[   13.629309] devtmpfs: initialized
[   13.642989] evm: security.selinux
[   13.653958] evm: security.SMACK64
[   13.667402] evm: security.SMACK64EXEC
[   13.672314] evm: security.SMACK64TRANSMUTE
[   13.673476] evm: security.SMACK64MMAP
[   13.676324] evm: security.ima
[   13.677691] evm: security.capability
[   13.683795] clocksource: jiffies: mask: 0xffffffff max_cycles: 0xffffffff, max_idle_ns: 7645041785100000 ns
[   13.699149] pinctrl core: initialized pinctrl subsystem
[   13.731593] RTC time:  1:59:28, date: 04/18/16
[   13.752286] NET: Registered protocol family 16
[   13.771236] cpuidle: using governor ladder
[   13.810458] cpuidle: using governor menu
[   13.827841] PCCT header not found.
[   13.828746] ACPI: bus type PCI registered
[   13.829913] acpiphp: ACPI Hot Plug PCI Controller Driver version: 0.5
[   13.831604] PCI: Using configuration type 1 for base access
[   13.843421] ACPI: Added _OSI(Module Device)
[   13.863196] ACPI: Added _OSI(Processor Device)
[   13.876499] ACPI: Added _OSI(3.0 _SCP Extensions)
[   13.883623] ACPI: Added _OSI(Processor Aggregator Device)
[   13.913017] ACPI: Executed 1 blocks of module-level executable AML code
[   13.929942] ACPI: Interpreter enabled
[   13.938008] ACPI Exception: AE_NOT_FOUND, While evaluating Sleep State [\_S1_] (20150930/hwxface-580)
[   13.940783] ACPI Exception: AE_NOT_FOUND, While evaluating Sleep State [\_S2_] (20150930/hwxface-580)
[   13.944265] ACPI Exception: AE_NOT_FOUND, While evaluating Sleep State [\_S3_] (20150930/hwxface-580)
[   13.947692] ACPI Exception: AE_NOT_FOUND, While evaluating Sleep State [\_S4_] (20150930/hwxface-580)
[   13.950213] ACPI: (supports S0 S5)
[   13.951074] ACPI: Using IOAPIC for interrupt routing
[   13.952261] PCI: Using host bridge windows from ACPI; if necessary, use "pci=nocrs" and report a bug
[   13.967878] ACPI: PCI Root Bridge [PCI0] (domain 0000 [bus 00-ff])
[   13.979538] acpi PNP0A03:00: _OSC: OS supports [ASPM ClockPM Segments MSI]
[   14.014466] acpi PNP0A03:00: _OSC failed (AE_NOT_FOUND); disabling ASPM
[   14.016960] acpi PNP0A03:00: fail to add MMCONFIG information, can't access extended PCI configuration space under this bridge.
[   14.023616] PCI host bridge to bus 0000:00
[   14.025653] pci_bus 0000:00: root bus resource [io  0x0000-0x0cf7 window]
[   14.028572] pci_bus 0000:00: root bus resource [io  0x0d00-0xffff window]
[   14.056498] pci_bus 0000:00: root bus resource [mem 0x000a0000-0x000bffff window]
[   14.066112] pci_bus 0000:00: root bus resource [mem 0x80000000-0xffdfffff window]
[   14.068996] pci_bus 0000:00: root bus resource [bus 00-ff]
[   14.072608] pci 0000:00:01.1: legacy IDE quirk: reg 0x10: [io  0x01f0-0x01f7]
[   14.089926] pci 0000:00:01.1: legacy IDE quirk: reg 0x14: [io  0x03f6]
[   14.106964] pci 0000:00:01.1: legacy IDE quirk: reg 0x18: [io  0x0170-0x0177]
[   14.108343] pci 0000:00:01.1: legacy IDE quirk: reg 0x1c: [io  0x0376]
[   14.188097] ACPI: PCI Interrupt Link [LNKA] (IRQs 5 9 10 11) *0, disabled.
[   14.216934] ACPI: PCI Interrupt Link [LNKB] (IRQs 5 9 10 *11)
[   14.221101] ACPI: PCI Interrupt Link [LNKC] (IRQs 5 9 *10 11)
[   14.229142] ACPI: PCI Interrupt Link [LNKD] (IRQs 5 *9 10 11)
[   14.244242] ACPI: Enabled 2 GPEs in block 00 to 07
[   14.246171] vgaarb: setting as boot device: PCI:0000:00:02.0
[   14.249859] vgaarb: device added: PCI:0000:00:02.0,decodes=io+mem,owns=io+mem,locks=none
[   14.253110] vgaarb: loaded
[   14.255142] vgaarb: bridge control possible 0000:00:02.0
[   14.264526] SCSI subsystem initialized
[   14.311237] ACPI: bus type USB registered
[   14.332554] usbcore: registered new interface driver usbfs
[   14.340201] usbcore: registered new interface driver hub
[   14.342648] usbcore: registered new device driver usb
[   14.352565] PCI: Using ACPI for IRQ routing
[   14.360416] NetLabel: Initializing
[   14.384336] NetLabel:  domain hash size = 128
[   14.388437] NetLabel:  protocols = UNLABELED CIPSOv4
[   14.391155] NetLabel:  unlabeled traffic allowed by default
[   14.402847] clocksource: Switched to clocksource kvm-clock
[   1.493 AArmor: AppAror Filesystem Enabled
[   14.662152] pnp: PnP ACPI init
[   14.665051] pnp: PnP ACPI: found 3 devices

[ 1468308 ccksource: acpi_pm msk 0ffff mx_cls: 0xffffff, max_ide_ns: 2085701024 ns
[  1592515] NET: Registered protocol family 2

[   15.387382] TCP established hash table entries: 16384 (order: 5, 131072 bytes)
[   15.397568] TCP bind hash table entries: 16384 (order: 6, 262144 bytes)
[   15.0757TCP: Hash tables configured (established 16384 bind 1634)[ 15597557] UDP hash table entries: 1024 (order: 3, 32768 bytes)
[   15.699129] UDP-Lite hash table entries: 1024 (order: 3, 32768 bytes)
[   15.700574] NET: Registered protocol family 1
[   15.701541] pci 0000:00:00.0: Limiting direct PCI/PCI transfers
[   15.70626 pi 0000:00:01.0: Activating ISA DMA hang workrond
[  1.9178]rying to unpack roofs mae as initramfs...

[   17.556507] Freeing initrd memory: 7284K (ffff8800371b6000 - ffff8800378d3000)
[   17.639344] RAPL PMU detected, API unit is 2^-32 Joules, 4 fixed counters 10737418240 ms ovfl timer
[   17.799954] hw unit of domain pp0-core 2^-0 Joules
[   17.800802] hw unit of domain package 2^-0 Joules
[   17.801640] hw unit of domain dram 2^-0 Joules
[   17.834867] hw unit of domain pp1-gpu 2^-0 Joules
[   17.835771] platform rtc_cmos: registered platform RTC device (no PNP device found)
[   17.837208] Scanning for low memory corruption every 60 seconds
[   17.838763] futex hash table entries: 512 (order: 3, 32768 bytes)
[   17.984884] audit: initializing netlink subsys (disabled)
[   17.988766] audit: type=2000 audit(1460944764.012:1): initialized
[   18.008050] Initialise system trusted keyring
[   18.106745] HugeTLB registered 2 MB page size, pre-allocated 0 pages
[   18.117201] zbud: loaded
[   18.121038] VFS: Disk quotas dquot_6.6.0
[   18.121817] VFS: Dquot-cache hash table entries: 512 (order 0, 4096 bytes)
[   18.123560] fuse init (API version 7.23)
[   .2001]eyyp b_ky egiteed

[   18.576992] Key type asymmetric registered
[   18.615294] Asymmetric key parser 'x509' registered
[   18.616210] Block layer SCSI generic (bsg) driver version 0.4 loaded (major 249)
[   18.716038] io scheduler noop registered
[   18.809440] io scheduler deadline registered (default)
[   18.891918] tsc: Refined TSC clocksource calibration: 2395.747 MHz
[   18.892959] losource: c:as 0xffffffffmacyes0x880e9, max_idle_ns: 440795298973 ns

[   1.889]  sederfqegsterd
[   18.899038] pci_hotplug: PCI Hot Plug PCI Core version: 0.5
[   18.899042] pciehp: PCI Express Hot Plug Controller Driver version: 0.4
[   18.899155] ACPI: AC Adapter [AC] (on-line)
[   18.899199] input: Power Button as /devices/LNXSYSTM:00/LNXPWRBN:00/input/input0
[   18.899201] ACPI: Power Button [PWRF]
[   18.899259] input: Sleep Button as /devices/LNXSYSTM:00/LNXSLPBN:00/input/input1
[   18.899260] ACPI: Sleep Button [SLPF]
[   18.899399] GHES: HEST is not enabled!
[   18.899484] Serial: 8250/16550 driver, 32 ports, IRQ sharing enabled
[   19.631581] 00:02: ttyS0 at I/O 0x3f8 (irq = 4, base_baud = 115200) is a 16550A
[   20.034100] Linux agpgart interface v0.103
[   20.063631] brd: module loaded
[   20.064372] loop: module loaded
[   20.064860] scsi host0: ata_piix
[   20.064913] scsi host1: ata_piix
[   20.064941] ata1: PATA max UDMA/33 cmd 0x1f0 ctl 0x3f6 bmdma 0xd000 irq 14
[   20.064941] ata2: PATA max UDMA/33 cmd 0x170 ctl 0x376 bmdma 0xd008 irq 15
[   20.065008] libphy: Fixed MDIO Bus: probed
[   20.065010] tun: Universal TUN/TAP device driver, 1.6
[   20.065011] tun: (C) 1999-2004 Max Krasnyansky <maxk@qualcomm.com>
[   20.065058] PPP generic driver version 2.4.2
[   20.065103] ehci_hcd: USB 2.0 'Enhanced' Host Controller (EHCI) Driver
[   20.065107] ehci-pci: EHCI PCI platform driver
[   20.065116] ehci-platform: EHCI generic platform driver
[   20.065124] ohci_hcd: USB 1.1 'Open' Host Controller (OHCI) Driver
[   20.065127] ohci-pci: OHCI PCI platform driver
[   20.065135] ohci-platform: OHCI generic platform driver
[   20.065141] uhci_hcd: USB Universal Host Controller Interface driver
[   20.065189] i8042: PNP: PS/2 Controller [PNP0303:PS2K,PNP0f03:PS2M] at 0x60,0x64 irq 1,12
[   20.066070] ACPI: Battery Slot [BAT0] (battery present)
[   20.116167] serio: i8042 KBD port at 0x60,0x64 irq 1
[   20.116171] serio: i8042 AUX port at 0x60,0x64 irq 12
[   20.116291] mousedev: PS/2 mouse device common for all mice
[   20.116551] rtc_cmos rtc_cmos: rtc core: registered rtc_cmos as rtc0
[   20.116608] rtc_cmos rtc_cmos: alarms up to one day, 114 bytes nvram
[   20.116614] i2c /dev entries driver
[   20.116663] device-mapper: uevent: version 1.0.3
[   20.116707] device-mapper: ioctl: 4.34.0-ioctl (2015-10-28) initialised: dm-devel@redhat.com
[   20.116720] ledtrig-cpu: registered to indicate activity on CPUs
[   20.116945] NET: Registered protocol family 10
[   20.117058] NET: Registered protocol family 17
[   20.117081] Key type dns_resolver registered
[   20.117918] microcode: CPU0 sig=0x306d4, pf=0x2, revision=0x19
[   20.117928] microcode: CPU1 sig=0x306d4, pf=0x2, revision=0x19
[   20.117961] microcode: Microcode Update Driver: v2.01 <tigran@aivazian.fsnet.co.uk>, Peter Oruba
[   20.118120] registered taskstats version 1
[   20.118135] Loading compiled-in X.509 certificates
[   20.118752] Loaded X.509 cert 'Build time autogenerated kernel key: 46aac491f1b0fe5a07252157966e4fbbb99d02a4'
[   20.118765] zswap: loaded using pool lzo/zbud
[   20.119918] Key type trusted registered
[   20.121888] Key type encrypted registered
[   20.121892] AppArmor: AppArmor sha1 policy hashing enabled
[   20.121894] ima: No TPM chip found, activating TPM-bypass!
[   20.121912] evm: HMAC attrs: 0x1
[   20.122118]   Magic number: 12:883:963
[   20.122149] memory memory14: hash matches
[   20.122426] rtc_cmos rtc_cmos: setting system clock to 2016-04-18 01:59:35 UTC (1460944775)
[   20.122471] BIOS EDD facility v0.16 2004-Jun-25, 0 devices found
[   20.122471] EDD information not available.
[   20.296906] input: AT Translated Set 2 keyboard as /devices/platform/i8042/serio0/input/input2
[   21.393127] Freeing unused kernel memory: 1476K (ffffffff81f41000 - ffffffff820b2000)
[   21.426257] Write protecting the kernel read-only data: 14336k
[   21.427823] Freeing unused kernel memory: 1872K (ffff88000182c000 - ffff880001a00000)
[   21.429662] Freeing unused kernel memory: 176K (ffff880001dd4000 - ffff880001e00000)
Loading, please [   21.442969] random: systemd-udevd urandom read with 7 bits of entropy available
wait...
starting version 229
[   21.583850] e1000: Intel(R) PRO/1000 Network Driver - version 7.3.21-k8-NAPI
[   21.605809] Fusion MPT base driver 3.04.20
[   21.605810] Copyright (c) 1999-2008 LSI Corporation
[   21.616220] e1000: Copyright (c) 1999-2006 Intel Corporation.
[   21.655644] Fusion MPT SPI Host driver 3.04.20
[   21.683385] AVX version of gcm_enc/dec engaged.
[   21.714362] AES CTR mode by8 optimization enabled
[   21.872233] input: ImExPS/2 Generic Explorer Mouse as /devices/platform/i8042/serio1/input/input4
[   22.018973] e1000 0000:00:03.0 eth0: (PCI:33MHz:32-bit) 02:9c:f7:f2:09:25
[   22.156615] e1000 0000:00:03.0 eth0: Intel(R) PRO/1000 Network Connection
[   22.204947] mptbase: ioc0: Initiating bringup
[   22.359740] ioc0: LSI53C1030 A0: Capabilities={Initiator}
[   22.612681] scsi host2: ioc0: LSI53C1030 A0, FwRev=00000000h, Ports=1, MaxQ=256, IRQ=20
[   22.829562] scsi 2:0:0:0: Direct-Access     VBOX     HARDDISK         1.0  PQ: 0 ANSI: 5
[   24.543845] scsi target2:0:0: Beginning Domain Validation
[   24.655151] floppy0: no floppy controllers found
[   24.655187] work still pending
[   24.890175] scsi target2:0:0: Domain Validation skipping write tests
[   25.001562] scsi target2:0:0: Ending Domain Validation
[   25.049973] scsi target2:0:0: asynchronous
[   25.089187] scsi 2:0:1:0: Direct-Access     VBOX     HARDDISK         1.0  PQ: 0 ANSI: 5
[   25.134590] scsi target2:0:1: Beginning Domain Validation
[   25.183368] scsi target2:0:1: Domain Validation skipping write tests
[   25.199642] scsi target2:0:1: Ending Domain Validation
[   25.244834] scsi target2:0:1: asynchronous
[   25.268406] sd 2:0:0:0: Attached scsi generic sg0 type 0
[   25.316488] sd 2:0:1:0: Attached scsi generic sg1 type 0
[   25.316789] sd 2:0:0:0: [sda] 20971520 512-byte logical blocks: (10.7 GB/10.0 GiB)
[   25.385498] sd 2:0:1:0: [sdb] 20480 512-byte logical blocks: (10.5 MB/10.0 MiB)
[   25.410881] sd 2:0:0:0: [sda] Write Protect is off
[   25.446371] sd 2:0:1:0: [sdb] Write Protect is off
[   25.460015] sd 2:0:0:0: [sda] Incomplete mode parameter data
[   25.463172] sd 2:0:0:0: [sda] Assuming drive cache: write through
[   25.463396] sd 2:0:1:0: [sdb] Incomplete mode parameter data
[   25.463398] sd 2:0:1:0: [sdb] Assuming drive cache: write through
[   25.474502] sd 2:0:1:0: [sdb] Attached SCSI disk
[   25.496269]  sda: sda1
[   25.514134] sd 2:0:0:0: [sda] Attached SCSI disk
Begin: Loading e[   26.630336] md: linear personality registered for level -1
ssential drivers ... [   26.641300] md: multipath personality registered for level -4
[   26.660583] md: raid0 personality registered for level 0
[   26.669695] md: raid1 personality registered for level 1
[   26.763755] raid6: sse2x1   gen()  4405 MB/s
[   26.859691] raid6: sse2x1   xor()  5824 MB/s
[   26.947098] raid6: sse2x2   gen() 11224 MB/s
[   27.039361] raid6: sse2x2   xor()  7407 MB/s
[   27.215158] raid6: sse2x4   gen() 12934 MB/s
[   27.358861] raid6: sse2x4   xor()  8805 MB/s
[   27.419711] raid6: using algorithm sse2x4 gen() 12934 MB/s
[   27.551212] raid6: .... xor() 8805 MB/s, rmw enabled
[   27.606148] raid6: using ssse3x2 recovery algorithm
[   27.608927] xor: automatically using best checksumming function:
[   27.699112]    avx       : 22444.000 MB/sec
[   27.785055] async_tx: api initialized (async)
[   27.832335] md: raid6 personality registered for level 6
[   27.843886] md: raid5 personality registered for level 5
[   27.861771] md: raid4 personality registered for level 4
[   27.876624] md: raid10 personality registered for level 10
done.
Begin: Running /scripts/init-premount ... done.
Begin: Mounting root file system ... Begin: Running /scripts/local-top ... done.
Begin: Running /scripts/local-premount ... [   27.915271] Btrfs loaded
Scanning for Btrfs filesystems
done.
Warning: fsck not present, so sk[   27.979149] EXT4-fs (sda1): mounted filesystem with ordered data mode. Opts: (null)
ipping root file system
done.
Begin: Running /scripts/local-bottom ... done.
Begin: Running /scripts/init-bottom ... Warning: overlayroot: debug is busted
done.
[   28.086636] systemd[1]: systemd 229 running in system mode. (+PAM +AUDIT +SELINUX +IMA +APPARMOR +SMACK +SYSVINIT +UTMP +LIBCRYPTSETUP +GCRYPT +GNUTLS +ACL +XZ -LZ4 +SECCOMP +BLKID +ELFUTILS +KMOD -IDN)
[   28.229998] systemd[1]: Detected virtualization oracle.
[   28.280526] systemd[1]: Detected architecture x86-64.

Welcome to [1mUbuntu 16.04[0m!

[   28.295803] systemd[1]: Set hostname to <ubuntu>.
[   28.342608] systemd[1]: Initializing machine ID from random generator.
[   28.496631] systemd[1]: Installed transient /etc/machine-id file.
[   28.754615] systemd[1]: Listening on udev Control Socket.
[[0;32m  OK  [0m] Listening on udev Control Socket.
[   28.815202] systemd[1]: Listening on Journal Audit Socket.
[[0;32m  OK  [0m] Listening on Journal Audit Socket.
[   28.835599] systemd[1]: Listening on Journal Socket (/dev/log).
[[0;32m  OK  [0m] Listening on Journal Socket (/dev/log).
[   28.854918] systemd[1]: Listening on Journal Socket.
[[0;32m  OK  [0m] Listening on Journal Socket.
[   28.867337] systemd[1]: Listening on udev Kernel Socket.
[[0;32m  OK  [0m] Listening on udev Kernel Socket.
[   28.891871] systemd[1]: Listening on LVM2 metadata daemon socket.
[[0;32m  OK  [0m] Listening on LVM2 metadata daemon socket.
[   28.923851] systemd[1]: Listening on Device-mapper event daemon FIFOs.
[[0;32m  OK  [0m] Listening on Device-mapper event daemon FIFOs.
[   28.947969] systemd[1]: Started Forward Password Requests to Wall Directory Watch.
[[0;32m  OK  [0m] Started Forward Password Requests to Wall Directory Watch.
[   29.023401] systemd[1]: Listening on Syslog Socket.
[[0;32m  OK  [0m] Listening on Syslog Socket.
[   29.071310] systemd[1]: Reached target User and Group Name Lookups.
[[0;32m  OK  [0m] Reached target User and Group Name Lookups.
[   29.135035] systemd[1]: Reached target Encrypted Volumes.
[[0;32m  OK  [0m] Reached target Encrypted Volumes.
[   29.363290] systemd[1]: Reached target Swap.
[[0;32m  OK  [0m] Reached target Swap.
[   29.420164] systemd[1]: Created slice User and Session Slice.
[[0;32m  OK  [0m] Created slice User and Session Slice.
[   29.491705] systemd[1]: Set up automount Arbitrary Executable File Formats File System Automount Point.
[[0;32m  OK  [0m] Set up automount Arbitrary Executab...ats File System Automount Point.
[   29.568147] systemd[1]: Listening on LVM2 poll daemon socket.
[[0;32m  OK  [0m] Listening on LVM2 poll daemon socket.
[   29.724536] systemd[1]: Created slice System Slice.
[[0;32m  OK  [0m] Created slice System Slice.
[   29.811961] systemd[1]: Mounting Debug File System...
         Mounting Debug File System...
[   29.944318] systemd[1]: Created slice system-getty.slice.
[[0;32m  OK  [0m] Created slice system-getty.slice.
[   30.091975] systemd[1]: Created slice system-serial\x2dgetty.slice.
[[0;32m  OK  [0m] Created slice system-serial\x2dgetty.slice.
[   30.135202] systemd[1]: Mounting POSIX Message Queue File System...
         Mounting POSIX Message Queue File System...
[   30.223251] systemd[1]: Starting Uncomplicated firewall...
[   30.229490] random: nonblocking pool is initialized
         Starting Uncomplicated firewall...
[   30.431158] systemd[1]: Starting Nameserver information manager...
         Starting Nameserver information manager...
[   30.531325] systemd[1]: Starting Journal Service...
         Starting Journal Service...
[   30.611913] systemd[1]: Starting Monitoring of LVM2 mirrors, snapshots etc. using dmeventd or progress polling...
         Starting Monitoring of LVM2 mirrors... dmeventd or progress polling...
[   30.708308] systemd[1]: Starting Load Kernel Modules...
         Starting Load Kernel Mo[   30.728474] Loading iSCSI transport class v2.0-870.
dules...
[   30.832995] iscsi: registered transport (tcp)
[   30.938974] systemd[1]: Mounting Huge Pages File System...
         Mounting Huge Pages File System...
[   3.1124]syem[1: eahed target Sics.
[[0;32m  OK  [0m] Reached target Slices.
[   31.567318] systemd[1]: Starting Remount Root and Kernel File Systems...
         Starting Remount[   31.620937] EXT4-fs (sda1): re-mounted. Opts: (null)
 Root and Kernel File Systems...
[   31.752030] systemd[1]: Starting Create list of required static device nodes for the current kernel...
         Starting Create list of required st... nodes for the current kernel...
[   318794]ysmd]:Lieng n /dv/initctl Compatibility Named Pipe.
[[0;32m  OK  [0m] Listening on /dev/initctl Compatibility Named Pipe.
[   32.605728] systemd[1]: Mounted POSIX Message Queue File System.
[[0;32m  OK  [0m] Mounted POSIX Message Queue File System.
[ 32243] sstd[]:ouedeb Fe st.
[[0;32m  OK  [0m] Mounted Debug File System.
[ 3380099] systemd[1]: Mounted Huge Pages File System.
[[0;32m  OK  [0m] Mounted Huge Pages File System.
[ 334380] ysem1]StarteJourl Sevi.
[[0;32m  OK  [0m] Started Journal Service.
[[0;32m  OK  [0m] Started Uncomplicated firewall.
[[0;1;31mFAILED[0m] Failed to start Load Kernel Modules.
See 'systemctl status systemd-modules-load.service' for details.
[[0;32m  OK  [0m] Started Remount Root and Kernel File Systems.
[[0;32m  OK  [0m] Started Create list of required sta...ce nodes for the current kernel.
[[0;32m  OK  [0m] Started Nameserver information manager.
[[0;32m  OK  [0m] Started LVM2 metadata daemon.
         Starting Create Static Device Nodes in /dev...
         Starting Load/Save Random Seed...
         Starting udev Coldplug all Devices...
         Starting Apply Kernel Variables...
         Mounting FUSE Control File System...
         Starting Flush Journal to Persistent Storage...
[[0;32m  OK  [0m] Mounted FUSE Control File System.
[[0;32m  OK  [0m] Started Create Static Device Nodes in /dev.
[[0;32m  OK  [0m] Started Load/Save Random Seed.
[[0;32m  OK  [0m] Started Monitoring of LVM2 mirrors,...ng dmeventd or progress polling.
[[0;32m  OK  [0m] Started Apply Kernel Variables.
[[0;32m  OK  [0m] Started udev Coldplug all Devices.
         Starting udev Kernel Device Manager...
[[0;32m  OK  [0m] Started Flush Journal to Persistent Storage.
[[0;32m  OK  [0m] Started udev Kernel Device Manager.
[[0;32m  OK  [0m] Reached target Local File Systems (Pre).
[[0;32m  OK  [0m] Reached target Local File Systems.
         Starting Set console keymap...
         Starting Tell Plymouth To Write Out Runtime Data...
         Starting LSB: AppArmor initialization...
         Starting Commit a transient machine-id on disk...
         Starting Initial cloud-init job (pre-networking)...
         Starting Create Volatile Files and Directories...
[[0;32m  OK  [0m] Started Dispatch Password Requests to Console Directory Watch.
[[0;32m  OK  [0m] Started Set console keymap.
[[0;32m  OK  [0m] Started Tell Plymouth To Write Out Runtime Data.
[[0;32m  OK  [0m] Started Commit a transient machine-id on disk.
[[0;32m  OK  [0m] Started Create Volatile Files and Directories.
[[0;32m  OK  [0m] Found device /dev/ttyS0.
[[0;32m  OK  [0m] Listening on Load/Save RF Kill Switch Status /dev/rfkill Watch.
         Starting Network Time Synchronization...
         Starting Update UTMP about System Boot/Shutdown...
[[0;32m  OK  [0m] Started Network Time Synchronization.
[[0;32m  OK  [0m] Reached target System Time Synchronized.
[[0;32m  OK  [0m] Started Update UTMP about System Boot/Shutdown.
[[0;32m  OK  [0m] Started LSB: AppArmor initialization.
[[0;32m  OK  [0m] Reached target System Initialization.
[[0;32m  OK  [0m] Started Trigger resolvconf update for networkd DNS.
[[0;32m  OK  [0m] Started Ubuntu Core Snappy AutoUpdate.
[[0;32m  OK  [0m] Started Daily apt activities.
         Starting Socket activation for snappy daemon.
[[0;32m  OK  [0m] Started ACPI Events Check.
[[0;32m  OK  [0m] Reached target Paths.
         Starting Seed the pseudo random number generator on first boot...
[[0;32m  OK  [0m] Started Daily Cleanup of Temporary Directories.
[[0;32m  OK  [0m] Reached target Timers.
[[0;32m  OK  [0m] Listening on D-Bus System Message Bus Socket.
[[0;32m  OK  [0m] Listening on ACPID Listen Socket.
[[0;32m  OK  [0m] Listening on UUID daemon activation socket.
         Starting LXD - unix socket.
[[0;32m  OK  [0m] Listening on Socket activation for snappy daemon.
[[0;32m  OK  [0m] Listening on LXD - unix socket.
[   23.185788] cloud-init[587]: Cloud-init v. 0.7.7 running 'init-local' at Mon, 18 Apr 2016 01:59:51 +0000. Up 22.67 seconds.
[[0;32m  OK  [0m] Reached target Sockets.
[[0;32m  OK  [0m] Reached target Basic System.
[[0;32m  OK  [0m] Started ACPI event daemon.
[[0;32m  OK  [0m] Started Deferred execution scheduler.
[[0;32m  OK  [0m] Started FUSE filesystem for LXC.
[[0;32m  OK  [0m] Started D-Bus System Message Bus.
         Starting LSB: Record successful boot for GRUB...
         Starting Accounts Service...
         Starting System Logging Service...
         Starting LSB: MD monitoring daemon...
         Starting Login Service...
         Starting LXD - container startup/shutdown...
[[0;32m  OK  [0m] Started Regular background program processing daemon.
[[0;32m  OK  [0m] Started System Logging Service.
[[0;32m  OK  [0m] Started Seed the pseudo random number generator on first boot.
[[0;32m  OK  [0m] Started LXD - container startup/shutdown.
[[0;32m  OK  [0m] Started Initial cloud-init job (pre-networking).
[[0;32m  OK  [0m] Started LSB: Record successful boot for GRUB.
[[0;32m  OK  [0m] Started LSB: MD monitoring daemon.
         Starting Authenticate and Authorize Users to Run Privileged Tasks...
[[0;32m  OK  [0m] Reached target Network (Pre).
[[0;32m  OK  [0m] Started ifup for eth0.
         Starting Raise network interfaces...
[[0;32m  OK  [0m] Started Login Service.
[[0;32m  OK  [0m] Started Authenticate and Authorize Users to Run Privileged Tasks.
[[0;32m  OK  [0m] Started Accounts Service.
[[0;32m  OK  [0m] Started Raise network interfaces.
[[0;32m  OK  [0m] Reached target Network.
         Starting Initial cloud-init job (metadata service crawler)...
[   25.954111] cloud-init[961]: Cloud-init v. 0.7.7 running 'init' at Mon, 18 Apr 2016 01:59:54 +0000. Up 25.32 seconds.
[   26.025204] cloud-init[961]: ci-info: +++++++++++++++++++++++++++++++++++++Net device info+++++++++++++++++++++++++++++++++++++
[[0;32m  OK  [0m[   26.152991] ] cloud-initStarted Initial cloud-init job (metadata service crawler).[961]: 
ci-info: +--------+------+---------------------------+---------------+-------+-------------------+
[[   26.333114] [0;32m  OK  [0mcloud-init] [961]: Reached target Cloud-config availability.ci-info: | Device |  Up  |          Address          |      Mask     | Scope |     Hw-Address    |

[[   26.484989] [0;32m  OK  [0mcloud-init] [961]: Reached target Network is Online.ci-info: +--------+------+---------------------------+---------------+-------+-------------------+

[   26.637280] cloud-init[961]: ci-info: |  eth0  | True |         10.0.2.15         | 255.255.255.0 |   .   | 02:9c:f7:f2:09:25 |
         [   26.708410] Starting Apply the settings specified in cloud-config...cloud-init
[961]: ci-info: |  eth0  | True | fe80::9c:f7ff:fef2:925/64 |       .       |  link | 02:9c:f7:f2:09:25 |
[   26.751625]          cloud-initStarting /etc/rc.local Compatibility...[961]: 
ci-info: |   lo   | True |         127.0.0.1         |   255.0.0.0   |   .   |         .         |
[   26.785374] cloud-init[961]: ci-info: |   lo   | True |          ::1/128          |       .       |  host |         .         |
         Starting iSCSI initiator daemon (iscsid)...
[   26.800307] cloud-init[961]: ci-info: +--------+------+---------------------------+---------------+-------+-------------------+
[   26.876861] cloud-init[961]: ci-info: +++++++++++++++++++++++++++Route IPv4 info++++++++++++++++++++++++++++
[   26.955514]          cloud-initStarting OpenBSD Secure Shell server...[961]: 
ci-info: +-------+-------------+----------+---------------+-----------+-------+
[   26.988372] [cloud-init[0;32m  OK  [0m[961]: ] ci-info: | Route | Destination | Gateway  |    Genmask    | Interface | Flags |Started OpenBSD Secure Shell server.

[   26.988718] cloud-init[961]: ci-info: +-------+-------------+----------+---------------+-----------+-------+
[   27.203264] [cloud-init[0;32m  OK  [0m[961]: ] ci-info: |   0   |   0.0.0.0   | 10.0.2.2 |    0.0.0.0    |    eth0   |   UG  |Started /etc/rc.local Compatibility.

[   27.203596] cloud-init[961]: ci-info: |   1   |   10.0.2.0  | 0.0.0.0  | 255.255.255.0 |    eth0   |   U   |
[[0;32m  OK  [0m] Started iSCSI initiator daemon (iscsid).
[   27.701835] cloud-init[961]: ci-info: +-------+-------------+----------+---------------+-----------+-------+
[   27.853826] cloud-init[961]: Generating public/private rsa key pair.
[   27.901434]          cloud-initStarting Login to default iSCSI targets...[961]: 
Your identification has been saved in /etc/ssh/ssh_host_rsa_key.
[   27.976533] [cloud-init[0;32m  OK  [0m[961]: ] Your public key has been saved in /etc/ssh/ssh_host_rsa_key.pub.Started Login to default iSCSI targets.

[   27.977089] cloud-init[961]: The key fingerprint is:
[   28.092873] [cloud-init[0;32m  OK  [0m[961]: ] SHA256:vxUwqv8J+CF5Jybr2jkA1Q6mqmXOH1SNeoxbZHMjlpk root@ubuntu-xenialReached target Remote File Systems (Pre).

[[   28.094389] [0;32m  OK  [0mcloud-init] [961]: Reached target Remote File Systems.The key's randomart image is:

[   28.340921]          cloud-initStarting LSB: daemon to balance interrupts for SMP systems...[961]: 
+---[RSA 2048]----+
[   28.427103] cloud-init[961]: |     .           |
         Starting Permit User Sessions...
[   28.428611] cloud-init[961]: |    + .*         |
[   28.556427] cloud-init[961]: |   + oE + o      |
[   28.556710] cloud-init[961]: |  o  O.+ o o     |
[   28.557437] cloud-init[961]: | . .+ + S   .    |
[   28.557633] cloud-init[961]: |. o..+ + .   .   |
[   28.557744] cloud-init[961]: |.=  o.* * o .    |
[   28.557859] cloud-init[961]: |. o  o.X = +     |
[   28.557958] cloud-init[961]: |   .oo=.o.+      |
[   28.559045] cloud-init[961]: +----[SHA256]-----+
[   28.559174] cloud-init[961]: Generating public/private dsa key pair.
[   28.559278] cloud-init[961]: Your identification has been saved in /etc/ssh/ssh_host_dsa_key.
[   28.559390] cloud-init[961]: Your public key has been saved in /etc/ssh/ssh_host_dsa_key.pub.
[   28.559549] cloud-init[961]: The key fingerprint is:
[   28.559713] cloud-init[961]: SHA256:BB8jDZsq7qrRWgA82tFeemKmECqRkOzQuusrXDakcWs root@ubuntu-xenial
         Starting LSB: automatic crash report generation...
[   28.559822] cloud-init[961]: The key's randomart image is:
[   29.436347] cloud-init[961]: +---[DSA 1024]----+
[   29.485677]          cloud-initStarting LSB: Set the CPU Frequency Scaling governor to "ondemand"...[961]: 
|oo    +oo        |
[   29.561390] [cloud-init[0;32m  OK  [0m[961]: ] |=o..   *.o       |Started Permit User Sessions.

[   29.562714] cloud-init[961]: |B+. . + o        |
[   29.711296] cloud-init[961]: |=*.= + .         |
[   29.756289]          cloud-initStopping OpenBSD Secure Shell server...[961]: 
|*.B O . S        |
[   29.848631]          cloud-initStarting Terminate Plymouth Boot Screen...[961]: 
|o* E o           |
[   29.949554]          cloud-initStarting Hold until boot process finishes up...[961]: 
|o.O .            |
[   30.049415] [cloud-init[0;32m  OK  [0m[961]: ] |o*               |Stopped OpenBSD Secure Shell server.

[   30.050119] cloud-init[961]: |B+o              |
[   30.198945] cloud-init[961]: +----[SHA256]-----+
[[0;32m  OK  [0m] Started LSB: daemon to balance interrupts for SMP systems.
[   30.199569] cloud-init[961]: Generating public/private ecdsa key pair.
[[0;32m  OK  [0m] Started LSB: automatic crash report generation.
[   30.316330] [cloud-init[0;32m  OK  [0m[961]: ] Your identification has been saved in /etc/ssh/ssh_host_ecdsa_key.Started LSB: Set the CPU Frequency Scaling governor to "ondemand".

[   30.389326] [cloud-init[0;32m  OK  [0m[961]: ] Your public key has been saved in /etc/ssh/ssh_host_ecdsa_key.pub.Started Terminate Plymouth Boot Screen.

[   30.389772] cloud-init[961]: The key fingerprint is:
[   30.474905] [cloud-init[0;32m  OK  [0m[961]: ] SHA256:eD3pPWDSYwfjX+W78tUqTvzwpR7lcYZugMnOMJ9qqxI root@ubuntu-xenialStarted Hold until boot process finishes up.

[   30.475250] cloud-init[961]: The key's randomart image is:
[   30.520891] cloud-init[961]: +---[ECDSA 256]---+
[   30.525015] [cloud-init[0;32m  OK  [0m[961]: ] |                 |Started Serial Getty on ttyS0.

[   30.525510] cloud-init[961]: |                 |
[   30.548977] [cloud-init[0;32m  OK  [0m[961]: ] |          o     .|Started Getty on tty1.

[   30.549400] [cloud-init[0;32m  OK  [0m[961]: ] |       . = *   + |Reached target Login Prompts.

[   30.585970] cloud-init[961]: |      . S # o o.=|
[   30.632697] cloud-init[961]: |    E  . @ X + +=|
         Starting OpenBSD Secure Shell server...
[[0;32m  OK  [0m] Started OpenBSD Secure Shell server.
[   30.668027] cloud-init[961]: |     .    * B +.=|
[   30.764447] cloud-init[961]: |    .   .. ..B =o|
[   30.790113] cloud-init[961]: |     ..oo. ..oOo |
[   30.809457] cloud-init[961]: +----[SHA256]-----+
[   30.837749] cloud-init[961]: Generating public/private ed25519 key pair.
[   30.856662] cloud-init[961]: Your identification has been saved in /etc/ssh/ssh_host_ed25519_key.
[   30.863922] cloud-init[961]: Your public key has been saved in /etc/ssh/ssh_host_ed25519_key.pub.
[   30.877512] cloud-init[961]: The key fingerprint is:
[   30.881222] cloud-init[961]: SHA256:ylWnfCFsDqwoLAo/2bTARIDH5bDcoR14EGSA8e7Wpts root@ubuntu-xenial
[   30.886134] cloud-init[961]: The key's randomart image is:
[   30.913027] cloud-init[961]: +--[ED25519 256]--+
[   30.938124] cloud-init[961]: |**B=+            |
[   30.952376] cloud-init[961]: |o=+B.o . .       |
[   30.976545] cloud-init[961]: | .*.+   o = o    |
[   30.992367] cloud-init[961]: | =   . . * + .   |
[   31.012283] cloud-init[961]: |o * o . S + .    |
[[0;32m  OK  [0m] Created slice User Slice of ubuntu.
[   31.038674] cloud-init[961]: |o+ B o o   .     |
[   31.048068] cloud-init[961]: |. * = o          |
[   31.064982] cloud-init[961]: | . =             |
[   31.100768] cloud-init[961]: |  o.E            |
[   31.152517] cloud-init[961]: +----[SHA256]-----+
         Starting User Manager for UID 1000...
[[0;32m  OK  [0m] Started User Manager for UID 1000.
[   31.219485] cloud-init[1050]: Generating locales (this might take a while)...
[   31.381872] cloud-init[1050]:   en_US.UTF-8... done
[[0;32m  OK  [0m] Started Apply the settings specified in cloud-config.
[   31.438697] cloud-init[1050]: Generation complete.
[   31.519228] cloud-init[1050]: Cloud-init v. 0.7.7 running 'modules:config' at Mon, 18 Apr 2016 01:59:56 +0000. Up 26.84 seconds.
[[0;32m  OK  [0m] Started Session 1 of user ubuntu.
         Starting Execute cloud user/final scripts...
ci-info: no authorized ssh keys fingerprints found for user ubuntu.
<14>Apr 18 02:00:01 ec2: 
<14>Apr 18 02:00:01 ec2: #############################################################
<14>Apr 18 02:00:01 ec2: -----BEGIN SSH HOST KEY FINGERPRINTS-----
<14>Apr 18 02:00:01 ec2: 1024 SHA256:BB8jDZsq7qrRWgA82tFeemKmECqRkOzQuusrXDakcWs root@ubuntu-xenial (DSA)
<14>Apr 18 02:00:01 ec2: 256 SHA256:eD3pPWDSYwfjX+W78tUqTvzwpR7lcYZugMnOMJ9qqxI root@ubuntu-xenial (ECDSA)
<14>Apr 18 02:00:01 ec2: 256 SHA256:ylWnfCFsDqwoLAo/2bTARIDH5bDcoR14EGSA8e7Wpts root@ubuntu-xenial (ED25519)
<14>Apr 18 02:00:01 ec2: 2048 SHA256:vxUwqv8J+CF5Jybr2jkA1Q6mqmXOH1SNeoxbZHMjlpk root@ubuntu-xenial (RSA)
<14>Apr 18 02:00:01 ec2: -----END SSH HOST KEY FINGERPRINTS-----
<14>Apr 18 02:00:01 ec2: #############################################################
-----BEGIN SSH HOST KEY KEYS-----
ecdsa-sha2-nistp256 AAAAE2VjZHNhLXNoYTItbmlzdHAyNTYAAAAIbmlzdHAyNTYAAABBBAyBp0LFbou2pxcIkWRoa5fWFYuQz0Hz2/ul3T+upWa/+xVk+5yMKxlJLOWVqMYsajmTdr75Eqc/Ju9HSBKyQEo= root@ubuntu-xenial
ssh-ed25519 AAAAC3NzaC1lZDI1NTE5AAAAIO5YIuAIJ/l9e46JLY7w9ovW3O+I88KFYo9JZ5FDdfy0 root@ubuntu-xenial
ssh-rsa AAAAB3NzaC1yc2EAAAADAQABAAABAQDL9bNgdNI4T7gGuEPDgTfmcymHXwssF2PQSHzN42c5W5vxZWw+jyu2vtlsKQBfX3/47cTFndby2w7K2R/Bs2XzTvSH8oMyA+nbqkN7x2IPjJmJ1U47yrcO8ZRzoZWDydB07MIwl4EtyK6iLXF4p29RCN4NjDSihDPRShvN1dNOAJnLBdlJuJCQ1RIQUqQhvafwL+4C6qQRTo6/f61w+0TZ9CNy+vsTgIqZb75L3IeOtkBr/sOQIhucAgJNvA3MI/WGVhpi0Vr5Rhwd5Jnw1xq3b/uoOw9kzxKPflB/4TaQCXEYq3OtyH1mXQlbMIWNRzgbkWZ5+J+rpDokZ11SIecD root@ubuntu-xenial
-----END SSH HOST KEY KEYS-----
[   33.300378] cloud-init[1184]: Cloud-init v. 0.7.7 running 'modules:final' at Mon, 18 Apr 2016 02:00:01 +0000. Up 31.88 seconds.
[   33.377127] [cloud-init[0;32m  OK  [0m[1184]: ] ci-info: no authorized ssh keys fingerprints found for user ubuntu.Started Execute cloud user/final scripts.

[   33.377871] cloud-init[1184]: Cloud-init v. 0.7.7 finished at Mon, 18 Apr 2016 02:00:02 +0000. Datasource DataSourceNoCloudNet [seed=/dev/sdb][dsmode=net].  Up 33.29 seconds
[[0;32m  OK  [0m] Reached target Cloud-init target.
[[0;32m  OK  [0m] Reached target Multi-User System.
[[0;32m  OK  [0m] Reached target Graphical Interface.
         Starting Update UTMP about System Runlevel Changes...
[[0;32m  OK  [0m] Started Update UTMP about System Runlevel Changes.

Ubuntu Xenial Xerus (development branch) ubuntu-xenial ttyS0

ubuntu-xenial login: 